// Jest Snapshot v1, https://goo.gl/fbAQLP

exports[`Dropdown renders the component 1`] = `ShallowWrapper {}`;
